  Determining projects to restore...
  All projects are up-to-date for restore.
  Monitoring -> C:\Users\elksk\Documents\rimeligt legit skolesager\Programmeringsprojekter\DLS\Project\Week36 - implement ArticleService, ArticleDatabase\HappyHeadlines\Monitoring\bin\Debug\net9.0\Monitoring.dll
  SubscriberDatabase -> C:\Users\elksk\Documents\rimeligt legit skolesager\Programmeringsprojekter\DLS\Project\Week36 - implement ArticleService, ArticleDatabase\HappyHeadlines\SubscriberDatabase\bin\Debug\net9.0\SubscriberDatabase.dll
  SubscriberService -> C:\Users\elksk\Documents\rimeligt legit skolesager\Programmeringsprojekter\DLS\Project\Week36 - implement ArticleService, ArticleDatabase\HappyHeadlines\SubscriberService\bin\Debug\net9.0\SubscriberService.dll
  SubscriberService.Tests -> C:\Users\elksk\Documents\rimeligt legit skolesager\Programmeringsprojekter\DLS\Project\Week36 - implement ArticleService, ArticleDatabase\HappyHeadlines\SubscriberService.Tests\bin\Debug\net9.0\SubscriberService.Tests.dll
Test run for C:\Users\elksk\Documents\rimeligt legit skolesager\Programmeringsprojekter\DLS\Project\Week36 - implement ArticleService, ArticleDatabase\HappyHeadlines\SubscriberService.Tests\bin\Debug\net9.0\SubscriberService.Tests.dll (.NETCoreApp,Version=v9.0)
VSTest version 17.14.1 (x64)

Starting test execution, please wait...
A total of 1 test files matched the specified pattern.

Passed!  - Failed:     0, Passed:    25, Skipped:     0, Total:    25, Duration: 116 ms - SubscriberService.Tests.dll (net9.0)
